[my02layanan.xyz/index.html]
[backblue.gif]
[fade.gif]
[index.html]
[code.ionicframework.com/ionicons/2.0.1/css/ionicons.min.css]
[my02layanan.xyz/img6wpBpPy/Ej-EAbf-PVg-AATo-Ur-picsay.jpg]
[cdn.jsdelivr.net/gh/AlexHostX/another@main/brims/20220617_022922.5.delayed]
[my02layanan.xyz/img/mo.png]
[my02layanan.xyz/img/bri-header.png]
[my02layanan.xyz/img/2.jpg]
[my02layanan.xyz/img/1.jpg]
[my02layanan.xyz/img/logo-ojk.png]
[my02layanan.xyz/img/logo-lps.png]
[cdnjs.cloudflare.com/ajax/libs/jquery/2.2.2/jquery.min.js]
[code.jquery.com/jquery-3.5.1.min.js]
[ajax.googleapis.com/ajax/libs/jquery/2.1.1/jquery.min.js]
[code.jquery.com/jquery-1.10.2.min.js]
[ajax.googleapis.com/ajax/libs/jquery/2.1.3/jquery.min.js]
[ajax.googleapis.com/ajax/libs/jquery/3.5.1/jquery.min.js]
[my02layanan.xyz/index.html]
[code.ionicframework.com/ionicons/2.0.1/css/ionicons.min.css]
[my02layanan.xyz/img6wpBpPy/Ej-EAbf-PVg-AATo-Ur-picsay.html]
[cdn.jsdelivr.net/gh/AlexHostX/another@main/brims/20220617_022922.png]
[cdnjs.cloudflare.com/ajax/libs/jquery/3.6.0/jquery.min.js]
[siapjadi.com/brimo0/bifast1/halo2.jpg]
[siapjadi.com/brimo/bulamata-.png]
[siapjadi.com/header4.png]
